// Jest Snapshot v1, https://goo.gl/fbAQLP

exports[`Input is rendered with arrow icon 1`] = `
initialize {
  "0": Object {
    "attribs": Object {
      "class": "react-autocomplete__input-wrapper",
    },
    "children": Array [
      Object {
        "attribs": Object {
          "class": "react-autocomplete__input ",
          "data-ignore": "true",
          "data-role": "user-query",
          "placeholder": "Alle",
          "type": "text",
          "value": "",
        },
        "children": Array [],
        "name": "input",
        "namespace": "http://www.w3.org/1999/xhtml",
        "next": Object {
          "attribs": Object {
            "class": "react-autocomplete__icon-wrapper",
          },
          "children": Array [
            Object {
              "attribs": Object {
                "class": "react-autocomplete__icon-dropdown",
              },
              "children": Array [
                Object {
                  "attribs": Object {
                    "class": "react-autocomplete__icon-dropdown__icon",
                    "type": "arrow",
                  },
                  "children": Array [],
                  "name": "as24-icon",
                  "namespace": "http://www.w3.org/1999/xhtml",
                  "next": null,
                  "parent": [Circular],
                  "prev": null,
                  "type": "tag",
                  "x-attribsNamespace": Object {
                    "class": undefined,
                    "type": undefined,
                  },
                  "x-attribsPrefix": Object {
                    "class": undefined,
                    "type": undefined,
                  },
                },
              ],
              "name": "div",
              "namespace": "http://www.w3.org/1999/xhtml",
              "next": null,
              "parent": [Circular],
              "prev": null,
              "type": "tag",
              "x-attribsNamespace": Object {
                "class": undefined,
              },
              "x-attribsPrefix": Object {
                "class": undefined,
              },
            },
          ],
          "name": "div",
          "namespace": "http://www.w3.org/1999/xhtml",
          "next": null,
          "parent": [Circular],
          "prev": [Circular],
          "type": "tag",
          "x-attribsNamespace": Object {
            "class": undefined,
          },
          "x-attribsPrefix": Object {
            "class": undefined,
          },
        },
        "parent": [Circular],
        "prev": null,
        "type": "tag",
        "x-attribsNamespace": Object {
          "class": undefined,
          "data-ignore": undefined,
          "data-role": undefined,
          "placeholder": undefined,
          "type": undefined,
          "value": undefined,
        },
        "x-attribsPrefix": Object {
          "class": undefined,
          "data-ignore": undefined,
          "data-role": undefined,
          "placeholder": undefined,
          "type": undefined,
          "value": undefined,
        },
      },
      Object {
        "attribs": Object {
          "class": "react-autocomplete__icon-wrapper",
        },
        "children": Array [
          Object {
            "attribs": Object {
              "class": "react-autocomplete__icon-dropdown",
            },
            "children": Array [
              Object {
                "attribs": Object {
                  "class": "react-autocomplete__icon-dropdown__icon",
                  "type": "arrow",
                },
                "children": Array [],
                "name": "as24-icon",
                "namespace": "http://www.w3.org/1999/xhtml",
                "next": null,
                "parent": [Circular],
                "prev": null,
                "type": "tag",
                "x-attribsNamespace": Object {
                  "class": undefined,
                  "type": undefined,
                },
                "x-attribsPrefix": Object {
                  "class": undefined,
                  "type": undefined,
                },
              },
            ],
            "name": "div",
            "namespace": "http://www.w3.org/1999/xhtml",
            "next": null,
            "parent": [Circular],
            "prev": null,
            "type": "tag",
            "x-attribsNamespace": Object {
              "class": undefined,
            },
            "x-attribsPrefix": Object {
              "class": undefined,
            },
          },
        ],
        "name": "div",
        "namespace": "http://www.w3.org/1999/xhtml",
        "next": null,
        "parent": [Circular],
        "prev": Object {
          "attribs": Object {
            "class": "react-autocomplete__input ",
            "data-ignore": "true",
            "data-role": "user-query",
            "placeholder": "Alle",
            "type": "text",
            "value": "",
          },
          "children": Array [],
          "name": "input",
          "namespace": "http://www.w3.org/1999/xhtml",
          "next": [Circular],
          "parent": [Circular],
          "prev": null,
          "type": "tag",
          "x-attribsNamespace": Object {
            "class": undefined,
            "data-ignore": undefined,
            "data-role": undefined,
            "placeholder": undefined,
            "type": undefined,
            "value": undefined,
          },
          "x-attribsPrefix": Object {
            "class": undefined,
            "data-ignore": undefined,
            "data-role": undefined,
            "placeholder": undefined,
            "type": undefined,
            "value": undefined,
          },
        },
        "type": "tag",
        "x-attribsNamespace": Object {
          "class": undefined,
        },
        "x-attribsPrefix": Object {
          "class": undefined,
        },
      },
    ],
    "name": "div",
    "namespace": "http://www.w3.org/1999/xhtml",
    "next": null,
    "parent": null,
    "prev": null,
    "root": Object {
      "attribs": Object {},
      "children": Array [
        [Circular],
      ],
      "name": "root",
      "namespace": "http://www.w3.org/1999/xhtml",
      "next": null,
      "parent": null,
      "prev": null,
      "type": "root",
      "x-attribsNamespace": Object {},
      "x-attribsPrefix": Object {},
    },
    "type": "tag",
    "x-attribsNamespace": Object {
      "class": undefined,
    },
    "x-attribsPrefix": Object {
      "class": undefined,
    },
  },
  "_root": [Circular],
  "length": 1,
  "options": Object {
    "decodeEntities": true,
    "normalizeWhitespace": false,
    "withDomLvl1": true,
    "xml": false,
  },
}
`;
