// Jest Snapshot v1, https://goo.gl/fbAQLP

exports[`Storyshots Core|Organisms/Pagination Navigation elements 1`] = `
<div>
  <div
    className="cl-pagination"
  >
    <ul
      className="sc-pagination"
      data-next-text="next"
      data-previous-text="prev"
    />
  </div>
</div>
`;

exports[`Storyshots Core|Organisms/Pagination autoscroll to top 1`] = `
Array [
  "Scroll to bottom to interact w/ pagination...",
  <div
    style={
      Object {
        "height": "1600px",
      }
    }
  />,
  <span>
    Choose a page to test autoScroll behaviour...
  </span>,
  <br />,
  <br />,
  <div
    className="cl-pagination"
  >
    <ul
      className="sc-pagination"
      data-next-text="next"
      data-previous-text="prev"
    />
  </div>,
]
`;

exports[`Storyshots Core|Organisms/Pagination usage 1`] = `
<div>
  <div
    style={Object {}}
  >
    <div
      className="cl-pagination"
    >
      <ul
        className="sc-pagination"
        data-next-text="next"
        data-previous-text="prev"
      />
    </div>
  </div>
  <div>
    <div
      style={
        Object {
          "WebkitFontSmoothing": "antialiased",
          "backgroundColor": "#fff",
          "border": "1px solid #eee",
          "borderRadius": "2px",
          "boxShadow": "0px 2px 3px rgba(0, 0, 0, 0.05)",
          "color": "#444",
          "fontFamily": "-apple-system, \\".SFNSText-Regular\\", \\"San Francisco\\", BlinkMacSystemFont, \\"Segoe UI\\", \\"Roboto\\", \\"Oxygen\\", \\"Ubuntu\\", \\"Cantarell\\", \\"Fira Sans\\", \\"Droid Sans\\", \\"Helvetica Neue\\", \\"Lucida Grande\\", \\"Arial\\", sans-serif",
          "fontSize": "15px",
          "fontWeight": 300,
          "lineHeight": 1.45,
          "marginBottom": "20px",
          "marginTop": "20px",
          "padding": "20px 40px 40px",
        }
      }
    >
      
      <div>
        <h1
          style={
            Object {
              "borderBottom": "1px solid #EEE",
              "fontSize": "25px",
              "margin": "20px 0 0 0",
              "padding": "0 0 5px 0",
            }
          }
        >
          Prop Types
        </h1>
        <div>
          <h2
            style={
              Object {
                "margin": "20px 0 0 0",
              }
            }
          >
            "
            Pagination
            " Component
          </h2>
          <small>
            No propTypes defined!
          </small>
        </div>
      </div>
    </div>
  </div>
</div>
`;
